proof: redumper732 | fedora | vendor-cap
date: 2026-07-15
lane/VM: test-fedora (Fedora 44 KDE), repo COPR gmipf/media-preservation
user groups: "gmipf wheel" (NO cdrom/disk/plugdev) -> groupless
drive: PLEXTOR DVDR PX-760A (USB) -> /dev/sr1, data CD
mechanism: Fedora %caps(cap_sys_rawio=ep) in redumper732.spec

--- delivery ---
$ getcap /usr/bin/redumper732 -> /usr/bin/redumper732 cap_sys_rawio=ep
$ rpm -qf /usr/bin/redumper732 -> redumper732-732-1.fc44.x86_64

--- GREEN (cap present) ---
$ redumper732 disc --verbose --drive=/dev/sr1 ...
  configuration: PLEXTOR (... read method: D8 ...)
  LBA: -75/226575, errors: { SCSIs: 0, C2s: 0, Q: 0 }   # D8 lead-in, 0 errors
permit-errors: 0 ; exit 124 (trimmed after lead-in)

--- RED (setcap -r, then restored) ---
$ setcap -r /usr/bin/redumper732 ; getcap -> []
$ redumper732 disc ...
  LBA: -75 ... error: SYSTEM (Operation not permitted)   # EPERM at first D8 read
permit-errors: 1 ; exit 255
$ setcap cap_sys_rawio=ep /usr/bin/redumper732 -> cap restored

VERDICT: PROVEN. Package-delivered cap_sys_rawio on redumper732 is load-bearing for
the D8 (>=0xC0) lead-in read; EPERM without it. Pin note: mpf -> redumper732.
